
===========================================================================
 report_check_types -max_slew -max_cap -max_fanout -violators
============================================================================
max slew

Pin                                    Limit    Slew   Slack
------------------------------------------------------------
_10875_/RESET_B                         1.50    2.33   -0.83 (VIOLATED)
_10828_/RESET_B                         1.50    2.33   -0.83 (VIOLATED)
_10834_/RESET_B                         1.50    2.33   -0.83 (VIOLATED)
_10832_/RESET_B                         1.50    2.33   -0.83 (VIOLATED)
_10831_/RESET_B                         1.50    2.33   -0.83 (VIOLATED)
_10829_/RESET_B                         1.50    2.33   -0.83 (VIOLATED)
_10833_/RESET_B                         1.50    2.33   -0.83 (VIOLATED)
_10827_/RESET_B                         1.50    2.33   -0.83 (VIOLATED)
_10868_/RESET_B                         1.50    2.33   -0.83 (VIOLATED)
_10830_/RESET_B                         1.50    2.33   -0.83 (VIOLATED)
_10869_/RESET_B                         1.50    2.33   -0.83 (VIOLATED)
_10867_/RESET_B                         1.50    2.33   -0.83 (VIOLATED)
_10859_/RESET_B                         1.50    2.33   -0.83 (VIOLATED)
_10852_/RESET_B                         1.50    2.33   -0.83 (VIOLATED)
_10860_/RESET_B                         1.50    2.32   -0.82 (VIOLATED)
_10835_/RESET_B                         1.50    2.32   -0.82 (VIOLATED)
_10836_/RESET_B                         1.50    2.32   -0.82 (VIOLATED)
_10837_/RESET_B                         1.50    2.32   -0.82 (VIOLATED)
_10838_/RESET_B                         1.50    2.32   -0.82 (VIOLATED)
_10839_/RESET_B                         1.50    2.31   -0.81 (VIOLATED)
_10841_/RESET_B                         1.50    2.31   -0.81 (VIOLATED)
_10842_/RESET_B                         1.50    2.31   -0.81 (VIOLATED)
_10840_/RESET_B                         1.50    2.31   -0.81 (VIOLATED)
_10816_/RESET_B                         1.50    2.31   -0.81 (VIOLATED)
_10817_/RESET_B                         1.50    2.31   -0.81 (VIOLATED)
_10826_/RESET_B                         1.50    2.31   -0.81 (VIOLATED)
_10823_/RESET_B                         1.50    2.30   -0.80 (VIOLATED)
_10824_/RESET_B                         1.50    2.30   -0.80 (VIOLATED)
_10825_/RESET_B                         1.50    2.30   -0.80 (VIOLATED)
_10815_/RESET_B                         1.50    2.30   -0.80 (VIOLATED)
_10818_/RESET_B                         1.50    2.30   -0.80 (VIOLATED)
_10820_/RESET_B                         1.50    2.29   -0.79 (VIOLATED)
_10822_/RESET_B                         1.50    2.29   -0.79 (VIOLATED)
_10819_/RESET_B                         1.50    2.29   -0.79 (VIOLATED)
_10821_/RESET_B                         1.50    2.29   -0.79 (VIOLATED)
_10843_/RESET_B                         1.50    2.29   -0.79 (VIOLATED)
_10844_/RESET_B                         1.50    2.29   -0.79 (VIOLATED)
_10876_/RESET_B                         1.50    2.29   -0.79 (VIOLATED)
_10877_/RESET_B                         1.50    2.28   -0.78 (VIOLATED)
_10878_/RESET_B                         1.50    2.27   -0.77 (VIOLATED)
_10879_/RESET_B                         1.50    2.27   -0.77 (VIOLATED)
_10883_/RESET_B                         1.50    2.27   -0.77 (VIOLATED)
_10882_/RESET_B                         1.50    2.27   -0.77 (VIOLATED)
_10881_/RESET_B                         1.50    2.27   -0.77 (VIOLATED)
_10880_/RESET_B                         1.50    2.27   -0.77 (VIOLATED)
_10846_/RESET_B                         1.50    2.26   -0.76 (VIOLATED)
_10847_/RESET_B                         1.50    2.26   -0.76 (VIOLATED)
_10848_/RESET_B                         1.50    2.25   -0.75 (VIOLATED)
_10850_/RESET_B                         1.50    2.25   -0.75 (VIOLATED)
_10849_/RESET_B                         1.50    2.25   -0.75 (VIOLATED)
_10858_/RESET_B                         1.50    2.24   -0.74 (VIOLATED)
_10857_/RESET_B                         1.50    2.24   -0.74 (VIOLATED)
_10856_/RESET_B                         1.50    2.24   -0.74 (VIOLATED)
_10871_/RESET_B                         1.50    2.23   -0.73 (VIOLATED)
_10870_/RESET_B                         1.50    2.23   -0.73 (VIOLATED)
_10872_/RESET_B                         1.50    2.23   -0.73 (VIOLATED)
_10861_/RESET_B                         1.50    2.23   -0.73 (VIOLATED)
_10863_/RESET_B                         1.50    2.23   -0.73 (VIOLATED)
_10862_/RESET_B                         1.50    2.23   -0.73 (VIOLATED)
_10845_/RESET_B                         1.50    2.23   -0.73 (VIOLATED)
_10853_/RESET_B                         1.50    2.23   -0.73 (VIOLATED)
_10851_/RESET_B                         1.50    2.23   -0.73 (VIOLATED)
_10854_/RESET_B                         1.50    2.23   -0.73 (VIOLATED)
_10855_/RESET_B                         1.50    2.23   -0.73 (VIOLATED)
_10864_/RESET_B                         1.50    2.22   -0.72 (VIOLATED)
_10865_/RESET_B                         1.50    2.21   -0.71 (VIOLATED)
_10866_/RESET_B                         1.50    2.21   -0.71 (VIOLATED)
_10874_/RESET_B                         1.50    2.20   -0.70 (VIOLATED)
_10873_/RESET_B                         1.50    2.20   -0.70 (VIOLATED)


===========================================================================
max slew violation count 69
max fanout violation count 0
max cap violation count 0
============================================================================
